<attributesDifference xmlns:xsd="http://www.w3.org/2001/XMLSchema" xmlns:xsi="http://www.w3.org/2001/XMLSchema-instance" differenceId="7a9c32a03590cf3ed0186ea6c53b3228b83f942858922caf1e601bd4f5da9623">
	<differences key="key2" attributeDifferenceId="bee8f11069f4cc3365a27cc4435da70097363fa97036e98755fa0e05fd922d5b">
		<expected xsi:type="xsd:string">value2</expected>
		<actual xsi:type="xsd:string">different-value</actual>
	</differences>
	<differences key="key3" attributeDifferenceId="44ef012051bdbca25813da2b78cdf2f54ab0266a32b63fd79851d39f9e0c160b">
		<expected xsi:type="xsd:string">value3</expected>
	</differences>
</attributesDifference>
