<attributesDifference xmlns:xsd="http://www.w3.org/2001/XMLSchema" xmlns:xsi="http://www.w3.org/2001/XMLSchema-instance" differenceId="2cf4686d202cbd7b9587a255b29930e42ebe9ea481cfc8052ae15245123c0ca7">
	<differences key="key1" attributeDifferenceId="78c3f4461dedfe4756a4cb1ac18341161e1426a2581c48d7c957d6b42c82c5ab">
		<expected xsi:type="xsd:string">value1</expected>
	</differences>
	<differences key="key2" attributeDifferenceId="51b4bf0abfe2ea889f1284d957cc63f1e8386bb6ce9b09e03738dbf049da15f3">
		<actual xsi:type="xsd:string">value2</actual>
	</differences>
</attributesDifference>
