<identifyingAttributesDifference xmlns:xsd="http://www.w3.org/2001/XMLSchema" xmlns:xsi="http://www.w3.org/2001/XMLSchema-instance" differenceId="8b75869a6c9c1c21ada61ec3bc16037362913de56a0c8ccaa889edf89bb8a6f9">
	<attribute key="path" xsi:type="pathAttribute">AnotherType[1]</attribute>
	<attribute key="suffix" xsi:type="suffixAttribute">1</attribute>
	<attribute key="type" xsi:type="stringAttribute">de.retest.recheck.ui.diff.IdentifyingAttributesDifferenceFinderTest$AnotherType</attribute>
	<attributeDifference key="path" attributeDifferenceId="53a9950b71274c9f2e7961af1b783afe2a496f57a400d72a018af5be1409d99d">
		<expected xsi:type="xsd:string">AnotherType[1]</expected>
		<actual xsi:type="xsd:string">Type[1]</actual>
	</attributeDifference>
	<attributeDifference key="type" attributeDifferenceId="4ddbebab186a658fbac319e373ebf1d023a804da0b7391bfbf8986454d495b11">
		<expected xsi:type="xsd:string">de.retest.recheck.ui.diff.IdentifyingAttributesDifferenceFinderTest$AnotherType</expected>
		<actual xsi:type="xsd:string">de.retest.recheck.ui.diff.IdentifyingAttributesDifferenceFinderTest$Type</actual>
	</attributeDifference>
</identifyingAttributesDifference>
