[Window[1]:
 at: Window[1]:
	[expected=Window[1], actual=null], Window[1]:
 at: Window[1]:
	[expected=null, actual=Window[1]]]
