[WindowIdentifyingAttributesDifference [expected=RootElementDifferenceFinderTest$Window, actual=null], WindowIdentifyingAttributesDifference [expected=null, actual=JDialog]]