WindowIdentifyingAttributesDifference [expected=null, actual=Window[1]]
