WindowIdentifyingAttributesDifference [expected=RootElementDifferenceFinderTest$Window, actual=null]