WindowIdentifyingAttributesDifference expected type: de.retest.recheck.ui.diff.RootElementDifferenceFinderTest$Window - actual type: de.retest.recheck.ui.diff.RootElementDifferenceFinderTest$OtherWindow
